test_01_source_prewarm_is_receipted_before_model_and_source_first (test_alignment.AlignmentTests.test_01_source_prewarm_is_receipted_before_model_and_source_first) ... ok
test_02_explicit_covered_read_returns_exact_text_and_new_revision (test_alignment.AlignmentTests.test_02_explicit_covered_read_returns_exact_text_and_new_revision) ... ok
test_03_changed_candidate_pass_then_same_patch_replay_zero_new_tests (test_alignment.AlignmentTests.test_03_changed_candidate_pass_then_same_patch_replay_zero_new_tests) ... ok
test_04_failed_or_boolean_public_feedback_never_accepts (test_alignment.AlignmentTests.test_04_failed_or_boolean_public_feedback_never_accepts) ... ok
test_05_worker_uncertainty_holds_before_counter_and_never_repeats (test_alignment.AlignmentTests.test_05_worker_uncertainty_holds_before_counter_and_never_repeats) ... ok
test_06_rotating_fetch_retains_exact_original_observation (test_alignment.AlignmentTests.test_06_rotating_fetch_retains_exact_original_observation) ... ok
test_07_actual_profile_and_launch_drift_block_before_any_model (test_alignment.AlignmentTests.test_07_actual_profile_and_launch_drift_block_before_any_model) ... ok
test_08_cancellation_has_no_model_prefetch_or_worker_dispatch (test_alignment.AlignmentTests.test_08_cancellation_has_no_model_prefetch_or_worker_dispatch) ... ok
test_09_schedule_hypothesis_changes_only_order_not_tools_or_quotas (test_alignment.AlignmentTests.test_09_schedule_hypothesis_changes_only_order_not_tools_or_quotas) ... ok
test_10_calls_outputs_pin_and_empty_builder_progress_are_hard_bounded (test_alignment.AlignmentTests.test_10_calls_outputs_pin_and_empty_builder_progress_are_hard_bounded) ... ok
test_11_review_dispatch_cap_is_four_even_for_five_changed_candidates (test_alignment.AlignmentTests.test_11_review_dispatch_cap_is_four_even_for_five_changed_candidates) ... ok
test_12_late_actual_public_pass_keeps_feedback_without_budget_acceptance (test_alignment.AlignmentTests.test_12_late_actual_public_pass_keeps_feedback_without_budget_acceptance) ... ok
test_13_original_large_issue_is_exact_and_pageable_under_measured_pin (test_alignment.AlignmentTests.test_13_original_large_issue_is_exact_and_pageable_under_measured_pin) ... ok
test_14_model_uncertainty_reservation_blocks_all_reentry (test_alignment.AlignmentTests.test_14_model_uncertainty_reservation_blocks_all_reentry) ... ok
test_15_incomplete_final_timing_hold_prevents_zero_cost_reentry (test_alignment.AlignmentTests.test_15_incomplete_final_timing_hold_prevents_zero_cost_reentry) ... ok
test_16_operator_dry_plan_never_imports_factory_or_creates_namespace (test_alignment.AlignmentTests.test_16_operator_dry_plan_never_imports_factory_or_creates_namespace) ... ok
test_17_portable_six_source_layout_imports_without_work_adjacency (test_alignment.AlignmentTests.test_17_portable_six_source_layout_imports_without_work_adjacency) ... ok
test_18_active_halo_uses_actual_latest_render_receipt_not_message_hash (test_alignment.AlignmentTests.test_18_active_halo_uses_actual_latest_render_receipt_not_message_hash) ... ok
test_19_actual_public_failure_retains_feedback_and_patch_without_accepting (test_alignment.AlignmentTests.test_19_actual_public_failure_retains_feedback_and_patch_without_accepting) ... ok
test_20_final_freeze_cost_crossing_deadline_revokes_cached_pass_acceptance (test_alignment.AlignmentTests.test_20_final_freeze_cost_crossing_deadline_revokes_cached_pass_acceptance) ... ok
test_21_builder_empty_finish_is_held_and_patch_progress_can_follow_four_calls (test_alignment.AlignmentTests.test_21_builder_empty_finish_is_held_and_patch_progress_can_follow_four_calls) ... ok
test_22_final_quota_crash_after_save_never_dispatches_seventh_arbiter (test_alignment.AlignmentTests.test_22_final_quota_crash_after_save_never_dispatches_seventh_arbiter) ... ok
test_23_early_final_finish_crash_after_save_never_dispatches_again (test_alignment.AlignmentTests.test_23_early_final_finish_crash_after_save_never_dispatches_again) ... ok
test_24_cancellation_after_final_review_revokes_current_acceptance (test_alignment.AlignmentTests.test_24_cancellation_after_final_review_revokes_current_acceptance) ... ok
test_25_corrupt_receipted_cache_never_becomes_an_unmarked_read_fallback (test_alignment.AlignmentTests.test_25_corrupt_receipted_cache_never_becomes_an_unmarked_read_fallback) ... ok

----------------------------------------------------------------------
Ran 25 tests in 124.654s

OK
